
Memory Configuration

Name             Origin             Length             Attributes
RAM              0x0000000000000000 0x0000000000008000 xrw
*default*        0x0000000000000000 0xffffffffffffffff

Linker script and memory map


.text           0x0000000000000000      0x15c
                0x0000000000000000                . = ALIGN (0x4)
 *(.text)
 .text          0x0000000000000000        0xc /tmp/cctSOcmT.o
 .text          0x000000000000000c       0x28 /tmp/ccuFIgtV.o
                0x000000000000000c                main
 .text          0x0000000000000034       0x88 /tmp/ccZGgtGX.o
                0x0000000000000034                Recursion::Firmware::RecursiveCounter(unsigned long)
                0x0000000000000090                Recursion::Firmware::EntryPoint()
 *(.text*)
 *(.rodata)
 *(.rodata*)
 *(.srodata)
 *(.srodata*)
 *(.eh_frame)
 .eh_frame      0x00000000000000bc       0x3c /tmp/ccuFIgtV.o
 .eh_frame      0x00000000000000f8       0x64 /tmp/ccZGgtGX.o
 *(.eh_frame*)
                0x000000000000015c                . = ALIGN (0x4)
                0x000000000000015c                _etext = .
                0x000000000000015c                _sidata = _etext

.data           0x000000000000015c        0x0
                0x000000000000015c                . = ALIGN (0x4)
                0x000000000000015c                _sdata = .
                0x000000000000015c                _ram_start = .
 *(.data)
 .data          0x000000000000015c        0x0 /tmp/cctSOcmT.o
 .data          0x000000000000015c        0x0 /tmp/ccuFIgtV.o
 .data          0x000000000000015c        0x0 /tmp/ccZGgtGX.o
 *(.data*)
 *(.sdata)
 *(.sdata*)
 *(.init_array)
 *(.init_array*)
                0x000000000000015c                . = ALIGN (0x4)
                0x000000000000015c                _edata = .

.bss            0x000000000000015c        0x0
                0x000000000000015c                . = ALIGN (0x4)
                0x000000000000015c                _sbss = .
 *(.bss)
 .bss           0x000000000000015c        0x0 /tmp/cctSOcmT.o
 .bss           0x000000000000015c        0x0 /tmp/ccuFIgtV.o
 .bss           0x000000000000015c        0x0 /tmp/ccZGgtGX.o
 *(.bss*)
 *(.sbss)
 *(.sbss*)
 *(COMMON)
                0x000000000000015c                . = ALIGN (0x4)
                0x000000000000015c                _ebss = .

.heap           0x000000000000015c        0x0
                0x000000000000015c                . = ALIGN (0x4)
                0x000000000000015c                _heap_start = .
LOAD /tmp/cctSOcmT.o
LOAD /tmp/ccuFIgtV.o
LOAD /tmp/ccZGgtGX.o
OUTPUT(firmware.elf elf32-littleriscv)

.riscv.attributes
                0x0000000000000000       0x1c
 .riscv.attributes
                0x0000000000000000       0x1a /tmp/cctSOcmT.o
 .riscv.attributes
                0x000000000000001a       0x1c /tmp/ccuFIgtV.o
 .riscv.attributes
                0x0000000000000036       0x1c /tmp/ccZGgtGX.o

.comment        0x0000000000000000       0x12
 .comment       0x0000000000000000       0x12 /tmp/ccuFIgtV.o
                                         0x13 (size before relaxing)
 .comment       0x0000000000000012       0x13 /tmp/ccZGgtGX.o

Cross Reference Table

Symbol                                            File
Recursion::Firmware::EntryPoint()                 /tmp/ccZGgtGX.o
                                                  /tmp/ccuFIgtV.o
Recursion::Firmware::RecursiveCounter(unsigned long) /tmp/ccZGgtGX.o
main                                              /tmp/ccuFIgtV.o
                                                  /tmp/cctSOcmT.o
