
Memory Configuration

Name             Origin             Length             Attributes
RAM              0x0000000000000000 0x0000000000008000 xrw
*default*        0x0000000000000000 0xffffffffffffffff

Linker script and memory map


.text           0x0000000000000000      0x29c
                0x0000000000000000                . = ALIGN (0x4)
 *(.text)
 .text          0x0000000000000000        0xc /tmp/ccBVS7rs.o
 .text          0x000000000000000c      0x1b0 /tmp/cc13H1uo.o
                0x000000000000000c                Arrays::Firmware::Fill(unsigned long)
                0x00000000000000c0                Arrays::Firmware::Sum(unsigned long)
                0x0000000000000170                Arrays::Firmware::EntryPoint()
 .text          0x00000000000001bc       0x28 /tmp/cctpXI8o.o
                0x00000000000001bc                main
 *(.text*)
 *(.rodata)
 *(.rodata*)
 *(.srodata)
 *(.srodata*)
 *(.eh_frame)
 .eh_frame      0x00000000000001e4       0x80 /tmp/cc13H1uo.o
 .eh_frame      0x0000000000000264       0x38 /tmp/cctpXI8o.o
 *(.eh_frame*)
                0x000000000000029c                . = ALIGN (0x4)
                0x000000000000029c                _etext = .
                0x000000000000029c                _sidata = _etext

.data           0x000000000000029c        0x0
                0x000000000000029c                . = ALIGN (0x4)
                0x000000000000029c                _sdata = .
                0x000000000000029c                _ram_start = .
 *(.data)
 .data          0x000000000000029c        0x0 /tmp/ccBVS7rs.o
 .data          0x000000000000029c        0x0 /tmp/cc13H1uo.o
 .data          0x000000000000029c        0x0 /tmp/cctpXI8o.o
 *(.data*)
 *(.sdata)
 *(.sdata*)
 *(.init_array)
 *(.init_array*)
                0x000000000000029c                . = ALIGN (0x4)
                0x000000000000029c                _edata = .

.bss            0x000000000000029c       0x70
                0x000000000000029c                . = ALIGN (0x4)
                0x000000000000029c                _sbss = .
 *(.bss)
 .bss           0x000000000000029c        0x0 /tmp/ccBVS7rs.o
 .bss           0x000000000000029c       0x70 /tmp/cc13H1uo.o
                0x000000000000029c                Arrays::Firmware::S8Buff
                0x00000000000002ac                Arrays::Firmware::S16Buff
                0x00000000000002cc                Arrays::Firmware::U32Buff
 .bss           0x000000000000030c        0x0 /tmp/cctpXI8o.o
 *(.bss*)
 *(.sbss)
 *(.sbss*)
 *(COMMON)
                0x000000000000030c                . = ALIGN (0x4)
                0x000000000000030c                _ebss = .

.heap           0x000000000000030c        0x0
                0x000000000000030c                . = ALIGN (0x4)
                0x000000000000030c                _heap_start = .
LOAD /tmp/ccBVS7rs.o
LOAD /tmp/cc13H1uo.o
LOAD /tmp/cctpXI8o.o
OUTPUT(firmware.elf elf32-littleriscv)

.comment        0x0000000000000000       0x11
 .comment       0x0000000000000000       0x11 /tmp/cc13H1uo.o
                                         0x12 (size before relaxing)
 .comment       0x0000000000000011       0x12 /tmp/cctpXI8o.o

Cross Reference Table

Symbol                                            File
Arrays::Firmware::EntryPoint()                    /tmp/cc13H1uo.o
                                                  /tmp/cctpXI8o.o
Arrays::Firmware::Fill(unsigned long)             /tmp/cc13H1uo.o
Arrays::Firmware::S16Buff                         /tmp/cc13H1uo.o
Arrays::Firmware::S8Buff                          /tmp/cc13H1uo.o
Arrays::Firmware::Sum(unsigned long)              /tmp/cc13H1uo.o
Arrays::Firmware::U32Buff                         /tmp/cc13H1uo.o
main                                              /tmp/cctpXI8o.o
                                                  /tmp/ccBVS7rs.o
