
Memory Configuration

Name             Origin             Length             Attributes
RAM              0x0000000000000000 0x0000000000008000 xrw
*default*        0x0000000000000000 0xffffffffffffffff

Linker script and memory map


.text           0x0000000000000000      0x15c
                0x0000000000000000                . = ALIGN (0x4)
 *(.text)
 .text          0x0000000000000000        0xc /tmp/ccmHEBpk.o
 .text          0x000000000000000c       0x28 /tmp/ccURFmbZ.o
                0x000000000000000c                main
 .text          0x0000000000000034       0xb8 /tmp/cc6DRnZD.o
                0x0000000000000034                MemBlock::Firmware::EntryPoint()
 *(.text*)
 *(.rodata)
 *(.rodata*)
 *(.srodata)
 *(.srodata*)
 *(.eh_frame)
 .eh_frame      0x00000000000000ec       0x38 /tmp/ccURFmbZ.o
 .eh_frame      0x0000000000000124       0x38 /tmp/cc6DRnZD.o
 *(.eh_frame*)
                0x000000000000015c                . = ALIGN (0x4)
                0x000000000000015c                _etext = .
                0x000000000000015c                _sidata = _etext

.data           0x000000000000015c        0x0
                0x000000000000015c                . = ALIGN (0x4)
                0x000000000000015c                _sdata = .
                0x000000000000015c                _ram_start = .
 *(.data)
 .data          0x000000000000015c        0x0 /tmp/ccmHEBpk.o
 .data          0x000000000000015c        0x0 /tmp/ccURFmbZ.o
 .data          0x000000000000015c        0x0 /tmp/cc6DRnZD.o
 *(.data*)
 *(.sdata)
 *(.sdata*)
 *(.init_array)
 *(.init_array*)
                0x000000000000015c                . = ALIGN (0x4)
                0x000000000000015c                _edata = .

.bss            0x000000000000015c        0x0
                0x000000000000015c                . = ALIGN (0x4)
                0x000000000000015c                _sbss = .
 *(.bss)
 .bss           0x000000000000015c        0x0 /tmp/ccmHEBpk.o
 .bss           0x000000000000015c        0x0 /tmp/ccURFmbZ.o
 .bss           0x000000000000015c        0x0 /tmp/cc6DRnZD.o
 *(.bss*)
 *(.sbss)
 *(.sbss*)
 *(COMMON)
                0x000000000000015c                . = ALIGN (0x4)
                0x000000000000015c                _ebss = .

.heap           0x000000000000015c        0x0
                0x000000000000015c                . = ALIGN (0x4)
                0x000000000000015c                _heap_start = .
LOAD /tmp/ccmHEBpk.o
LOAD /tmp/ccURFmbZ.o
LOAD /tmp/cc6DRnZD.o
OUTPUT(firmware.elf elf32-littleriscv)

.comment        0x0000000000000000       0x11
 .comment       0x0000000000000000       0x11 /tmp/ccURFmbZ.o
                                         0x12 (size before relaxing)
 .comment       0x0000000000000011       0x12 /tmp/cc6DRnZD.o

Cross Reference Table

Symbol                                            File
MemBlock::Firmware::EntryPoint()                  /tmp/cc6DRnZD.o
                                                  /tmp/ccURFmbZ.o
main                                              /tmp/ccURFmbZ.o
                                                  /tmp/ccmHEBpk.o
