
Memory Configuration

Name             Origin             Length             Attributes
RAM              0x0000000000000000 0x0000000000008000 xrw
*default*        0x0000000000000000 0xffffffffffffffff

Linker script and memory map


.text           0x0000000000000000      0x350
                0x0000000000000000                . = ALIGN (0x4)
 *(.text)
 .text          0x0000000000000000      0x350 /tmp/ccKF752c.o
                0x0000000000000350                . = ALIGN (0x4)
                0x0000000000000350                _etext = .
                0x0000000000000350                _sidata = _etext

.data           0x0000000000000400      0x20c
                0x0000000000000400                . = ALIGN (0x4)
 *(.data)
 .data          0x0000000000000400      0x20c /tmp/ccKF752c.o
                0x0000000000000400                begin_signature
                0x0000000000000470                end_signature
                0x0000000000000500                begin_regstate
                0x0000000000000600                end_regstate
                0x000000000000060c                . = ALIGN (0x4)
                0x000000000000060c                _edata = .
LOAD /tmp/ccKF752c.o
OUTPUT(firmware.elf elf32-littleriscv)

.tohost         0x0000000000000700      0x108
 .tohost        0x0000000000000700      0x108 /tmp/ccKF752c.o
                0x0000000000000700                tohost
                0x0000000000000800                fromhost

.bss            0x0000000000000808        0x0
 .bss           0x0000000000000808        0x0 /tmp/ccKF752c.o

Cross Reference Table

Symbol                                            File
begin_regstate                                    /tmp/ccKF752c.o
begin_signature                                   /tmp/ccKF752c.o
end_regstate                                      /tmp/ccKF752c.o
end_signature                                     /tmp/ccKF752c.o
fromhost                                          /tmp/ccKF752c.o
tohost                                            /tmp/ccKF752c.o
