
Memory Configuration

Name             Origin             Length             Attributes
RAM              0x0000000000000000 0x0000000000008000 xrw
*default*        0x0000000000000000 0xffffffffffffffff

Linker script and memory map


.text           0x0000000000000000       0x54
                0x0000000000000000                . = ALIGN (0x4)
 *(.text)
 .text          0x0000000000000000       0x54 /tmp/ccFB1Qmy.o
                0x0000000000000054                . = ALIGN (0x4)
                0x0000000000000054                _etext = .
                0x0000000000000054                _sidata = _etext

.data           0x0000000000000100      0x20c
                0x0000000000000100                . = ALIGN (0x4)
 *(.data)
 .data          0x0000000000000100      0x20c /tmp/ccFB1Qmy.o
                0x0000000000000100                begin_signature
                0x0000000000000190                end_signature
                0x0000000000000200                begin_regstate
                0x0000000000000300                end_regstate
                0x000000000000030c                . = ALIGN (0x4)
                0x000000000000030c                _edata = .
LOAD /tmp/ccFB1Qmy.o
OUTPUT(firmware.elf elf32-littleriscv)

.tohost         0x0000000000000400      0x108
 .tohost        0x0000000000000400      0x108 /tmp/ccFB1Qmy.o
                0x0000000000000400                tohost
                0x0000000000000500                fromhost

.bss            0x0000000000000508        0x0
 .bss           0x0000000000000508        0x0 /tmp/ccFB1Qmy.o

Cross Reference Table

Symbol                                            File
begin_regstate                                    /tmp/ccFB1Qmy.o
begin_signature                                   /tmp/ccFB1Qmy.o
end_regstate                                      /tmp/ccFB1Qmy.o
end_signature                                     /tmp/ccFB1Qmy.o
fromhost                                          /tmp/ccFB1Qmy.o
tohost                                            /tmp/ccFB1Qmy.o
