
Memory Configuration

Name             Origin             Length             Attributes
RAM              0x0000000000000000 0x0000000000008000 xrw
*default*        0x0000000000000000 0xffffffffffffffff

Linker script and memory map


.text           0x0000000000000000      0x278
                0x0000000000000000                . = ALIGN (0x4)
 *(.text)
 .text          0x0000000000000000      0x278 /tmp/ccHThNni.o
                0x0000000000000278                . = ALIGN (0x4)
                0x0000000000000278                _etext = .
                0x0000000000000278                _sidata = _etext

.data           0x0000000000000300      0x20c
                0x0000000000000300                . = ALIGN (0x4)
 *(.data)
 .data          0x0000000000000300      0x20c /tmp/ccHThNni.o
                0x0000000000000300                begin_signature
                0x0000000000000340                end_signature
                0x0000000000000400                begin_regstate
                0x0000000000000500                end_regstate
                0x000000000000050c                . = ALIGN (0x4)
                0x000000000000050c                _edata = .
LOAD /tmp/ccHThNni.o
OUTPUT(firmware.elf elf32-littleriscv)

.tohost         0x0000000000000600      0x108
 .tohost        0x0000000000000600      0x108 /tmp/ccHThNni.o
                0x0000000000000600                tohost
                0x0000000000000700                fromhost

.bss            0x0000000000000708        0x0
 .bss           0x0000000000000708        0x0 /tmp/ccHThNni.o

Cross Reference Table

Symbol                                            File
begin_regstate                                    /tmp/ccHThNni.o
begin_signature                                   /tmp/ccHThNni.o
end_regstate                                      /tmp/ccHThNni.o
end_signature                                     /tmp/ccHThNni.o
fromhost                                          /tmp/ccHThNni.o
tohost                                            /tmp/ccHThNni.o
