
Memory Configuration

Name             Origin             Length             Attributes
RAM              0x0000000000000000 0x0000000000008000 xrw
*default*        0x0000000000000000 0xffffffffffffffff

Linker script and memory map


.text           0x0000000000000000      0x1a0
                0x0000000000000000                . = ALIGN (0x4)
 *(.text)
 .text          0x0000000000000000        0xc /tmp/ccukg1wX.o
 .text          0x000000000000000c       0xcc /tmp/cccV27ab.o
                0x000000000000000c                Fibonacci::Firmware::Fib(unsigned long)
                0x0000000000000090                Fibonacci::Firmware::EntryPoint()
 .text          0x00000000000000d8       0x28 /tmp/cc6VPeRo.o
                0x00000000000000d8                main
 *(.text*)
 *(.rodata)
 *(.rodata*)
 *(.srodata)
 *(.srodata*)
 *(.eh_frame)
 .eh_frame      0x0000000000000100       0x68 /tmp/cccV27ab.o
 .eh_frame      0x0000000000000168       0x38 /tmp/cc6VPeRo.o
 *(.eh_frame*)
                0x00000000000001a0                . = ALIGN (0x4)
                0x00000000000001a0                _etext = .
                0x00000000000001a0                _sidata = _etext

.data           0x00000000000001a0        0x0
                0x00000000000001a0                . = ALIGN (0x4)
                0x00000000000001a0                _sdata = .
                0x00000000000001a0                _ram_start = .
 *(.data)
 .data          0x00000000000001a0        0x0 /tmp/ccukg1wX.o
 .data          0x00000000000001a0        0x0 /tmp/cccV27ab.o
 .data          0x00000000000001a0        0x0 /tmp/cc6VPeRo.o
 *(.data*)
 *(.sdata)
 *(.sdata*)
 *(.init_array)
 *(.init_array*)
                0x00000000000001a0                . = ALIGN (0x4)
                0x00000000000001a0                _edata = .

.bss            0x00000000000001a0        0x0
                0x00000000000001a0                . = ALIGN (0x4)
                0x00000000000001a0                _sbss = .
 *(.bss)
 .bss           0x00000000000001a0        0x0 /tmp/ccukg1wX.o
 .bss           0x00000000000001a0        0x0 /tmp/cccV27ab.o
 .bss           0x00000000000001a0        0x0 /tmp/cc6VPeRo.o
 *(.bss*)
 *(.sbss)
 *(.sbss*)
 *(COMMON)
                0x00000000000001a0                . = ALIGN (0x4)
                0x00000000000001a0                _ebss = .

.heap           0x00000000000001a0        0x0
                0x00000000000001a0                . = ALIGN (0x4)
                0x00000000000001a0                _heap_start = .
LOAD /tmp/ccukg1wX.o
LOAD /tmp/cccV27ab.o
LOAD /tmp/cc6VPeRo.o
OUTPUT(firmware.elf elf32-littleriscv)

.comment        0x0000000000000000       0x11
 .comment       0x0000000000000000       0x11 /tmp/cccV27ab.o
                                         0x12 (size before relaxing)
 .comment       0x0000000000000011       0x12 /tmp/cc6VPeRo.o

Cross Reference Table

Symbol                                            File
Fibonacci::Firmware::EntryPoint()                 /tmp/cccV27ab.o
                                                  /tmp/cc6VPeRo.o
Fibonacci::Firmware::Fib(unsigned long)           /tmp/cccV27ab.o
main                                              /tmp/cc6VPeRo.o
                                                  /tmp/ccukg1wX.o
