
Memory Configuration

Name             Origin             Length             Attributes
RAM              0x0000000000000000 0x0000000000008000 xrw
*default*        0x0000000000000000 0xffffffffffffffff

Linker script and memory map


.text           0x0000000000000000       0xc8
                0x0000000000000000                . = ALIGN (0x4)
 *(.text)
 .text          0x0000000000000000        0xc /tmp/ccWPn11S.o
 .text          0x000000000000000c       0x28 /tmp/ccRW32b1.o
                0x000000000000000c                main
 .text          0x0000000000000034       0x2c /tmp/ccRXHoo9.o
                0x0000000000000034                SOCCounter::Firmware::EntryPoint()
 *(.text*)
 *(.rodata)
 *(.rodata*)
 *(.srodata)
 *(.srodata*)
 *(.eh_frame)
 .eh_frame      0x0000000000000060       0x38 /tmp/ccRW32b1.o
 .eh_frame      0x0000000000000098       0x30 /tmp/ccRXHoo9.o
 *(.eh_frame*)
                0x00000000000000c8                . = ALIGN (0x4)
                0x00000000000000c8                _etext = .
                0x00000000000000c8                _sidata = _etext

.data           0x00000000000000c8        0x0
                0x00000000000000c8                . = ALIGN (0x4)
                0x00000000000000c8                _sdata = .
                0x00000000000000c8                _ram_start = .
 *(.data)
 .data          0x00000000000000c8        0x0 /tmp/ccWPn11S.o
 .data          0x00000000000000c8        0x0 /tmp/ccRW32b1.o
 .data          0x00000000000000c8        0x0 /tmp/ccRXHoo9.o
 *(.data*)
 *(.sdata)
 *(.sdata*)
 *(.init_array)
 *(.init_array*)
                0x00000000000000c8                . = ALIGN (0x4)
                0x00000000000000c8                _edata = .

.bss            0x00000000000000c8        0x0
                0x00000000000000c8                . = ALIGN (0x4)
                0x00000000000000c8                _sbss = .
 *(.bss)
 .bss           0x00000000000000c8        0x0 /tmp/ccWPn11S.o
 .bss           0x00000000000000c8        0x0 /tmp/ccRW32b1.o
 .bss           0x00000000000000c8        0x0 /tmp/ccRXHoo9.o
 *(.bss*)
 *(.sbss)
 *(.sbss*)
 *(COMMON)
                0x00000000000000c8                . = ALIGN (0x4)
                0x00000000000000c8                _ebss = .

.heap           0x00000000000000c8        0x0
                0x00000000000000c8                . = ALIGN (0x4)
                0x00000000000000c8                _heap_start = .
LOAD /tmp/ccWPn11S.o
LOAD /tmp/ccRW32b1.o
LOAD /tmp/ccRXHoo9.o
OUTPUT(firmware.elf elf32-littleriscv)

.comment        0x0000000000000000       0x11
 .comment       0x0000000000000000       0x11 /tmp/ccRW32b1.o
                                         0x12 (size before relaxing)
 .comment       0x0000000000000011       0x12 /tmp/ccRXHoo9.o

Cross Reference Table

Symbol                                            File
SOCCounter::Firmware::EntryPoint()                /tmp/ccRXHoo9.o
                                                  /tmp/ccRW32b1.o
main                                              /tmp/ccRW32b1.o
                                                  /tmp/ccWPn11S.o
